cargo :    Compiling grainlify-core v0.1.0 (C
:\Users\user\Desktop\GIT\grainlify\contracts\
grainlify-core)
At line:1 char:82
+ ... tracts\bounty_escrow\contracts\escrow; 
cargo build --lib 2>&1 | Out-F ...
+                                            
~~~~~~~~~~~~~~~~~~~~~~
    + CategoryInfo          : NotSpecified:  
   (   Compiling gr...grainlify-core):Strin  
  g) [], RemoteException
    + FullyQualifiedErrorId : NativeCommandE 
   rror
 
warning: unused imports: `Symbol`, 
`contract`, and `contractimpl`
  --> C:\Users\user\Desktop\GIT\grainlify\con
tracts\grainlify-core\src\lib.rs:11:5
   |
11 |     contract, contracterror, 
contractimpl, contracttype, symbol_short, 
Address, BytesN, Env,
   |     ^^^^^^^^                 
^^^^^^^^^^^^
12 |     String, Symbol, Vec,
   |             ^^^^^^
   |
   = note: `#[warn(unused_imports)]` (part 
of `#[warn(unused)]`) on by default

warning: unused imports: `contract` and 
`contractimpl`
 --> C:\Users\user\Desktop\GIT\grainlify\cont
racts\grainlify-core\src\governance.rs:3:5
  |
3 |     contract, contractimpl, 
contracttype, symbol_short, Address, BytesN, 
Env, Map, Symbol,
  |     ^^^^^^^^  ^^^^^^^^^^^^

warning: unused import: `crate::errors`
   --> C:\Users\user\Desktop\GIT\grainlify\co
ntracts\grainlify-core\src\governance.rs:125:
5
    |
125 | use crate::errors;
    |     ^^^^^^^^^^^^^

error[E0592]: duplicate definitions with 
name `pause`
   --> C:\Users\user\Desktop\GIT\grainlify\co
ntracts\grainlify-core\src\multisig.rs:201:5
    |
158 |     pub fn pause(env: &Env, signer: 
Address) {
    |     
---------------------------------------- 
other definition for `pause`
...
201 |     pub fn pause(env: &Env, signer: 
Address) {
    |     
^^^^^^^^^^^^^^^^^^^^^^^^^^^^^^^^^^^^^^^^ 
duplicate definitions for `pause`

error[E0592]: duplicate definitions with 
name `unpause`
   --> C:\Users\user\Desktop\GIT\grainlify\co
ntracts\grainlify-core\src\multisig.rs:212:5
    |
166 |     pub fn unpause(env: &Env, signer: 
Address) {
    |     
------------------------------------------ 
other definition for `unpause`
...
212 |     pub fn unpause(env: &Env, signer: 
Address) {
    |     
^^^^^^^^^^^^^^^^^^^^^^^^^^^^^^^^^^^^^^^^^^ 
duplicate definitions for `unpause`

error[E0592]: duplicate definitions with 
name `is_contract_paused`
   --> C:\Users\user\Desktop\GIT\grainlify\co
ntracts\grainlify-core\src\multisig.rs:223:5
    |
154 |     pub fn is_contract_paused(env: 
&Env) -> bool {
    |     
-------------------------------------------- 
other definition for `is_contract_paused`
...
223 |     pub fn is_contract_paused(env: 
&Env) -> bool {
    |     
^^^^^^^^^^^^^^^^^^^^^^^^^^^^^^^^^^^^^^^^^^^^ 
duplicate definitions for 
`is_contract_paused`

error[E0592]: duplicate definitions with 
name `is_state_inconsistent`
   --> C:\Users\user\Desktop\GIT\grainlify\co
ntracts\grainlify-core\src\multisig.rs:231:5
    |
174 |     pub fn is_state_inconsistent(_env: 
&Env) -> bool {
    |     -----------------------------------
------------- other definition for 
`is_state_inconsistent`
...
231 |     pub fn is_state_inconsistent(env: 
&Env) -> bool {
    |     ^^^^^^^^^^^^^^^^^^^^^^^^^^^^^^^^^^^
^^^^^^^^^^^^ duplicate definitions for 
`is_state_inconsistent`

error[E0592]: duplicate definitions with 
name `pause`
   --> C:\Users\user\Desktop\GIT\grainlify\co
ntracts\grainlify-core\src\multisig.rs:257:5
    |
158 |     pub fn pause(env: &Env, signer: 
Address) {
    |     
---------------------------------------- 
other definition for `pause`
...
257 |     pub fn pause(env: &Env, signer: 
Address) {
    |     
^^^^^^^^^^^^^^^^^^^^^^^^^^^^^^^^^^^^^^^^ 
duplicate definitions for `pause`

error[E0592]: duplicate definitions with 
name `unpause`
   --> C:\Users\user\Desktop\GIT\grainlify\co
ntracts\grainlify-core\src\multisig.rs:268:5
    |
166 |     pub fn unpause(env: &Env, signer: 
Address) {
    |     
------------------------------------------ 
other definition for `unpause`
...
268 |     pub fn unpause(env: &Env, signer: 
Address) {
    |     
^^^^^^^^^^^^^^^^^^^^^^^^^^^^^^^^^^^^^^^^^^ 
duplicate definitions for `unpause`

error[E0592]: duplicate definitions with 
name `is_contract_paused`
   --> C:\Users\user\Desktop\GIT\grainlify\co
ntracts\grainlify-core\src\multisig.rs:279:5
    |
154 |     pub fn is_contract_paused(env: 
&Env) -> bool {
    |     
-------------------------------------------- 
other definition for `is_contract_paused`
...
279 |     pub fn is_contract_paused(env: 
&Env) -> bool {
    |     
^^^^^^^^^^^^^^^^^^^^^^^^^^^^^^^^^^^^^^^^^^^^ 
duplicate definitions for 
`is_contract_paused`

error[E0592]: duplicate definitions with 
name `is_state_inconsistent`
   --> C:\Users\user\Desktop\GIT\grainlify\co
ntracts\grainlify-core\src\multisig.rs:284:5
    |
174 |     pub fn is_state_inconsistent(_env: 
&Env) -> bool {
    |     -----------------------------------
------------- other definition for 
`is_state_inconsistent`
...
284 |     pub fn is_state_inconsistent(env: 
&Env) -> bool {
    |     ^^^^^^^^^^^^^^^^^^^^^^^^^^^^^^^^^^^
^^^^^^^^^^^^ duplicate definitions for 
`is_state_inconsistent`

For more information about this error, try 
`rustc --explain E0592`.
warning: `grainlify-core` (lib) generated 3 
warnings
error: could not compile `grainlify-core` 
(lib) due to 8 previous errors; 3 warnings 
emitted
